   1              		.cpu arm7tdmi
   2              		.fpu softvfp
   3              		.eabi_attribute 20, 1
   4              		.eabi_attribute 21, 1
   5              		.eabi_attribute 23, 3
   6              		.eabi_attribute 24, 1
   7              		.eabi_attribute 25, 1
   8              		.eabi_attribute 26, 1
   9              		.eabi_attribute 30, 2
  10              		.eabi_attribute 18, 4
  11              		.file	"8led.c"
  21              	.Ltext0:
  22              		.file 1 "../8led.c"
 1882              		.align	2
 1883              		.global	D8Led_init
 1885              	D8Led_init:
 1886              	.LFB0:
   1:../8led.c     **** /*********************************************************************************************
   2:../8led.c     **** * Fichero:	8led.c
   3:../8led.c     **** * Autor:
   4:../8led.c     **** * Descrip:	Funciones de control del display 8-segmentos
   5:../8led.c     **** * Version:
   6:../8led.c     **** *********************************************************************************************/
   7:../8led.c     **** 
   8:../8led.c     **** /*--- ficheros de cabecera ---*/
   9:../8led.c     **** #include "8led.h"
  10:../8led.c     **** #include "44b.h"
  11:../8led.c     **** #include "44blib.h"
  12:../8led.c     **** 
  13:../8led.c     **** /*--- variables globales del módulo ---*/
  14:../8led.c     **** /* tabla de segmentos */
  15:../8led.c     **** static int
  16:../8led.c     **** Symbol[size_8led] = { cero, uno, dos, tres, cuatro, cinco, seis, siete, ocho, nueve, A, B, C, D, E,
  17:../8led.c     **** 
  18:../8led.c     **** /*--- código de las funciones ---*/
  19:../8led.c     **** void D8Led_init()
  20:../8led.c     **** {
 1887              		.loc 1 20 0
 1888              		.cfi_startproc
 1889              		@ Function supports interworking.
 1890              		@ args = 0, pretend = 0, frame = 0
 1891              		@ frame_needed = 0, uses_anonymous_args = 0
 1892              		@ link register save eliminated.
  21:../8led.c     **** 	/* Estado inicial del display con todos los segmentos iluminados
  22:../8led.c     **** 	   (buscar en los ficheros de cabecera la direccion implicada) */
  23:../8led.c     **** 	LED8ADDR = (unsigned char) cero;
 1893              		.loc 1 23 0
 1894 0000 1220A0E3 		mov	r2, #18
 1895 0004 8537A0E3 		mov	r3, #34865152
 1896 0008 0020C3E5 		strb	r2, [r3, #0]
  24:../8led.c     **** }
 1897              		.loc 1 24 0
 1898 000c 1EFF2FE1 		bx	lr
 1899              		.cfi_endproc
 1900              	.LFE0:
 1902              		.align	2
 1903              		.global	D8Led_symbol
 1905              	D8Led_symbol:
 1906              	.LFB1:
  25:../8led.c     **** 
  26:../8led.c     **** void D8Led_symbol(int value)
  27:../8led.c     **** {
 1907              		.loc 1 27 0
 1908              		.cfi_startproc
 1909              		@ Function supports interworking.
 1910              		@ args = 0, pretend = 0, frame = 0
 1911              		@ frame_needed = 0, uses_anonymous_args = 0
 1912              		@ link register save eliminated.
 1913              	.LVL0:
  28:../8led.c     **** 	/* muestra el Symbol[value] en el display (analogo al caso anterior) */
  29:../8led.c     **** 	if ((value >= 0) && (value < size_8led)) {
 1914              		.loc 1 29 0
 1915 0010 100050E3 		cmp	r0, #16
  30:../8led.c     **** 		LED8ADDR = (unsigned char) Symbol[value];
 1916              		.loc 1 30 0
 1917 0014 0C309F95 		ldrls	r3, .L4
 1918 0018 0021D397 		ldrlsb	r2, [r3, r0, asl #2]	@ zero_extendqisi2
 1919 001c 8537A093 		movls	r3, #34865152
 1920 0020 0020C395 		strlsb	r2, [r3, #0]
 1921 0024 1EFF2FE1 		bx	lr
 1922              	.L5:
 1923              		.align	2
 1924              	.L4:
 1925 0028 00000000 		.word	.LANCHOR0
 1926              		.cfi_endproc
 1927              	.LFE1:
 1929              		.section	.rodata
 1930              		.align	2
 1931              		.set	.LANCHOR0,. + 0
 1934              	Symbol:
 1935 0000 12FFFFFF 		.word	-238
 1936 0004 9FFFFFFF 		.word	-97
 1937 0008 31FFFFFF 		.word	-207
 1938 000c 15FFFFFF 		.word	-235
 1939 0010 9CFFFFFF 		.word	-100
 1940 0014 54FFFFFF 		.word	-172
 1941 0018 D0FFFFFF 		.word	-48
 1942 001c 1FFFFFFF 		.word	-225
 1943 0020 10FFFFFF 		.word	-240
 1944 0024 1CFFFFFF 		.word	-228
 1945 0028 18FFFFFF 		.word	-232
 1946 002c D0FFFFFF 		.word	-48
 1947 0030 72FFFFFF 		.word	-142
 1948 0034 91FFFFFF 		.word	-111
 1949 0038 70FFFFFF 		.word	-144
 1950 003c 78FFFFFF 		.word	-136
 1951 0040 FFFFFFFF 		.word	-1
 1952              		.text
 1953              	.Letext0:
DEFINED SYMBOLS
                            *ABS*:00000000 8led.c
C:\Users\sergi\AppData\Local\Temp\ccaZ4fCK.s:1882   .text:00000000 $a
C:\Users\sergi\AppData\Local\Temp\ccaZ4fCK.s:1885   .text:00000000 D8Led_init
C:\Users\sergi\AppData\Local\Temp\ccaZ4fCK.s:1905   .text:00000010 D8Led_symbol
C:\Users\sergi\AppData\Local\Temp\ccaZ4fCK.s:1925   .text:00000028 $d
C:\Users\sergi\AppData\Local\Temp\ccaZ4fCK.s:1930   .rodata:00000000 $d
C:\Users\sergi\AppData\Local\Temp\ccaZ4fCK.s:1934   .rodata:00000000 Symbol
                     .debug_frame:00000010 $d

NO UNDEFINED SYMBOLS
