   1              		.cpu arm7tdmi
   2              		.fpu softvfp
   3              		.eabi_attribute 20, 1
   4              		.eabi_attribute 21, 1
   5              		.eabi_attribute 23, 3
   6              		.eabi_attribute 24, 1
   7              		.eabi_attribute 25, 1
   8              		.eabi_attribute 26, 1
   9              		.eabi_attribute 30, 6
  10              		.eabi_attribute 18, 4
  11              		.file	"jugada_por_botones.c"
  21              	.Ltext0:
  22              		.file 1 "../jugada_por_botones.c"
 1041              	estado_button:
 1042 0000 00       		.space	1
 1043              		.text
 1044              		.align	2
 1045              		.global	final_partida
 1047              	final_partida:
 1048              	.LFB0:
   1:../jugada_por_botones.c **** /*********************************************************************************************
   2:../jugada_por_botones.c **** * Fichero:	jugada_por_botones.c
   3:../jugada_por_botones.c **** * Autor1:	Sergio García Esteban	755844
   4:../jugada_por_botones.c **** * Autor2:	Irene Fumanal Lacoma	758325
   5:../jugada_por_botones.c **** * Descrip:	Autómata del juego
   6:../jugada_por_botones.c **** * Version:
   7:../jugada_por_botones.c **** *********************************************************************************************/
   8:../jugada_por_botones.c **** 
   9:../jugada_por_botones.c **** /*--- ficheros de cabecera ---*/
  10:../jugada_por_botones.c **** #include "jugada_por_botones.h"
  11:../jugada_por_botones.c **** #include "reversi8_2019.h"
  12:../jugada_por_botones.c **** #include "8led.h"
  13:../jugada_por_botones.c **** #include "44blib.h"
  14:../jugada_por_botones.c **** 
  15:../jugada_por_botones.c **** 
  16:../jugada_por_botones.c **** /*--- valores y constantes ---*/
  17:../jugada_por_botones.c **** enum estado{ ESPERANDO_FILA, ELECCION_FILA, ESPERANDO_COLUMNA, ELECCION_COLUMNA };
  18:../jugada_por_botones.c **** 
  19:../jugada_por_botones.c **** 
  20:../jugada_por_botones.c **** /*--- codigo de funciones ---*/
  21:../jugada_por_botones.c **** 
  22:../jugada_por_botones.c **** /*********************************************************************************************
  23:../jugada_por_botones.c **** * Coloca en el 8led: F parpadeando 5s y una cuenta atras de 9 a 0
  24:../jugada_por_botones.c **** *********************************************************************************************/
  25:../jugada_por_botones.c **** void final_partida(){
 1049              		.loc 1 25 0
 1050              		.cfi_startproc
 1051              		@ Function supports interworking.
 1052              		@ args = 0, pretend = 0, frame = 8
 1053              		@ frame_needed = 1, uses_anonymous_args = 0
 1054 0000 0DC0A0E1 		mov	ip, sp
 1055              	.LCFI0:
 1056              		.cfi_def_cfa_register 12
 1057 0004 00D82DE9 		stmfd	sp!, {fp, ip, lr, pc}
 1058 0008 04B04CE2 		sub	fp, ip, #4
 1059              		.cfi_offset 14, -8
 1060              		.cfi_offset 13, -12
 1061              		.cfi_offset 11, -16
 1062              	.LCFI1:
 1063              		.cfi_def_cfa 11, 4
 1064 000c 08D04DE2 		sub	sp, sp, #8
  26:../jugada_por_botones.c **** 	int i,j;
  27:../jugada_por_botones.c **** 	for (j = 0; j < 9; j++){
 1065              		.loc 1 27 0
 1066 0010 0030A0E3 		mov	r3, #0
 1067 0014 14300BE5 		str	r3, [fp, #-20]
 1068 0018 0A0000EA 		b	.L2
 1069              	.L3:
  28:../jugada_por_botones.c **** 		Delay(500);
 1070              		.loc 1 28 0 discriminator 2
 1071 001c 7D0FA0E3 		mov	r0, #500
 1072 0020 FEFFFFEB 		bl	Delay
  29:../jugada_por_botones.c **** 		D8Led_symbol(15);//F
 1073              		.loc 1 29 0 discriminator 2
 1074 0024 0F00A0E3 		mov	r0, #15
 1075 0028 FEFFFFEB 		bl	D8Led_symbol
  30:../jugada_por_botones.c **** 		Delay(500);
 1076              		.loc 1 30 0 discriminator 2
 1077 002c 7D0FA0E3 		mov	r0, #500
 1078 0030 FEFFFFEB 		bl	Delay
  31:../jugada_por_botones.c **** 		D8Led_symbol(16);//BLANK
 1079              		.loc 1 31 0 discriminator 2
 1080 0034 1000A0E3 		mov	r0, #16
 1081 0038 FEFFFFEB 		bl	D8Led_symbol
  27:../jugada_por_botones.c **** 	for (j = 0; j < 9; j++){
 1082              		.loc 1 27 0 discriminator 2
 1083 003c 14301BE5 		ldr	r3, [fp, #-20]
 1084 0040 013083E2 		add	r3, r3, #1
 1085 0044 14300BE5 		str	r3, [fp, #-20]
 1086              	.L2:
  27:../jugada_por_botones.c **** 	for (j = 0; j < 9; j++){
 1087              		.loc 1 27 0 is_stmt 0 discriminator 1
 1088 0048 14301BE5 		ldr	r3, [fp, #-20]
 1089 004c 080053E3 		cmp	r3, #8
 1090 0050 F1FFFFDA 		ble	.L3
  32:../jugada_por_botones.c **** 	}
  33:../jugada_por_botones.c **** 	for (i = 9; i >= 0; i--){
 1091              		.loc 1 33 0 is_stmt 1
 1092 0054 0930A0E3 		mov	r3, #9
 1093 0058 10300BE5 		str	r3, [fp, #-16]
 1094 005c 060000EA 		b	.L4
 1095              	.L5:
  34:../jugada_por_botones.c **** 		Delay(5000);
 1096              		.loc 1 34 0 discriminator 2
 1097 0060 2C009FE5 		ldr	r0, .L6
 1098 0064 FEFFFFEB 		bl	Delay
  35:../jugada_por_botones.c **** 		D8Led_symbol(i);
 1099              		.loc 1 35 0 discriminator 2
 1100 0068 10001BE5 		ldr	r0, [fp, #-16]
 1101 006c FEFFFFEB 		bl	D8Led_symbol
  33:../jugada_por_botones.c **** 	for (i = 9; i >= 0; i--){
 1102              		.loc 1 33 0 discriminator 2
 1103 0070 10301BE5 		ldr	r3, [fp, #-16]
 1104 0074 013043E2 		sub	r3, r3, #1
 1105 0078 10300BE5 		str	r3, [fp, #-16]
 1106              	.L4:
  33:../jugada_por_botones.c **** 	for (i = 9; i >= 0; i--){
 1107              		.loc 1 33 0 is_stmt 0 discriminator 1
 1108 007c 10301BE5 		ldr	r3, [fp, #-16]
 1109 0080 000053E3 		cmp	r3, #0
 1110 0084 F5FFFFAA 		bge	.L5
  36:../jugada_por_botones.c **** 	}
  37:../jugada_por_botones.c **** }
 1111              		.loc 1 37 0 is_stmt 1
 1112 0088 0CD04BE2 		sub	sp, fp, #12
 1113 008c 00689DE8 		ldmfd	sp, {fp, sp, lr}
 1114 0090 1EFF2FE1 		bx	lr
 1115              	.L7:
 1116              		.align	2
 1117              	.L6:
 1118 0094 88130000 		.word	5000
 1119              		.cfi_endproc
 1120              	.LFE0:
 1122              	.Letext0:
DEFINED SYMBOLS
                            *ABS*:00000000 jugada_por_botones.c
C:\Users\sergi\AppData\Local\Temp\cc1ItElk.s:1041   .bss:00000000 estado_button
C:\Users\sergi\AppData\Local\Temp\cc1ItElk.s:1042   .bss:00000000 $d
C:\Users\sergi\AppData\Local\Temp\cc1ItElk.s:1044   .text:00000000 $a
C:\Users\sergi\AppData\Local\Temp\cc1ItElk.s:1047   .text:00000000 final_partida
C:\Users\sergi\AppData\Local\Temp\cc1ItElk.s:1118   .text:00000094 $d
                     .debug_frame:00000010 $d

UNDEFINED SYMBOLS
Delay
D8Led_symbol
